// Jest Snapshot v1, https://goo.gl/fbAQLP

exports[`Loading matches its snapshot 1`] = `
<div
  className="loading"
  id="loading"
/>
`;
